Archive member included because of file (symbol)

c:/altera/13.0sp1/nios2eds/bin/gnu/h-i686-mingw32/bin/../lib/gcc/nios2-elf/4.1.2/../../../../nios2-elf/lib\libsmallc.a(lib_a-impure.o)
                              obj/default/memtest_small.o (_impure_ptr)
c:/altera/13.0sp1/nios2eds/bin/gnu/h-i686-mingw32/bin/../lib/gcc/nios2-elf/4.1.2/../../../../nios2-elf/lib\libsmallc.a(lib_a-printf.o)
                              obj/default/memtest_small.o (printf)
c:/altera/13.0sp1/nios2eds/bin/gnu/h-i686-mingw32/bin/../lib/gcc/nios2-elf/4.1.2/../../../../nios2-elf/lib\libsmallc.a(lib_a-putc.o)
                              obj/default/memtest_small.o (putc)
c:/altera/13.0sp1/nios2eds/bin/gnu/h-i686-mingw32/bin/../lib/gcc/nios2-elf/4.1.2/../../../../nios2-elf/lib\libsmallc.a(lib_a-putchar.o)
                              obj/default/memtest_small.o (putchar)
c:/altera/13.0sp1/nios2eds/bin/gnu/h-i686-mingw32/bin/../lib/gcc/nios2-elf/4.1.2/../../../../nios2-elf/lib\libsmallc.a(lib_a-puts.o)
                              obj/default/memtest_small.o (puts)
c:/altera/13.0sp1/nios2eds/bin/gnu/h-i686-mingw32/bin/../lib/gcc/nios2-elf/4.1.2/../../../../nios2-elf/lib\libsmallc.a(lib_a-strlen.o)
                              c:/altera/13.0sp1/nios2eds/bin/gnu/h-i686-mingw32/bin/../lib/gcc/nios2-elf/4.1.2/../../../../nios2-elf/lib\libsmallc.a(lib_a-puts.o) (strlen)
c:/altera/13.0sp1/nios2eds/bin/gnu/h-i686-mingw32/bin/../lib/gcc/nios2-elf/4.1.2/../../../../nios2-elf/lib\libsmallc.a(lib_a-strtol.o)
                              obj/default/memtest_small.o (strtol)
c:/altera/13.0sp1/nios2eds/bin/gnu/h-i686-mingw32/bin/../lib/gcc/nios2-elf/4.1.2/../../../../nios2-elf/lib\libsmallc.a(lib_a-vfprintf.o)
                              c:/altera/13.0sp1/nios2eds/bin/gnu/h-i686-mingw32/bin/../lib/gcc/nios2-elf/4.1.2/../../../../nios2-elf/lib\libsmallc.a(lib_a-printf.o) (___vfprintf_internal_r)
c:/altera/13.0sp1/nios2eds/bin/gnu/h-i686-mingw32/bin/../lib/gcc/nios2-elf/4.1.2/../../../../nios2-elf/lib\libsmallc.a(lib_a-ctype_.o)
                              c:/altera/13.0sp1/nios2eds/bin/gnu/h-i686-mingw32/bin/../lib/gcc/nios2-elf/4.1.2/../../../../nios2-elf/lib\libsmallc.a(lib_a-strtol.o) (__ctype_ptr)
c:/altera/13.0sp1/nios2eds/bin/gnu/h-i686-mingw32/bin/../lib/gcc/nios2-elf/4.1.2/../../../../nios2-elf/lib\libsmallc.a(lib_a-fvwrite_small_dev.o)
                              c:/altera/13.0sp1/nios2eds/bin/gnu/h-i686-mingw32/bin/../lib/gcc/nios2-elf/4.1.2/../../../../nios2-elf/lib\libsmallc.a(lib_a-printf.o) (__sfvwrite_small_dev)
c:/altera/13.0sp1/nios2eds/bin/gnu/h-i686-mingw32/bin/../lib/gcc/nios2-elf/4.1.2/../../../../nios2-elf/lib\libsmallc.a(lib_a-writer.o)
                              c:/altera/13.0sp1/nios2eds/bin/gnu/h-i686-mingw32/bin/../lib/gcc/nios2-elf/4.1.2/../../../../nios2-elf/lib\libsmallc.a(lib_a-fvwrite_small_dev.o) (_write_r)
c:/altera/13.0sp1/nios2eds/bin/gnu/h-i686-mingw32/bin/../lib/gcc/nios2-elf/4.1.2/../../../../nios2-elf/lib\libsmallc.a(lib_a-int_errno.o)
                              c:/altera/13.0sp1/nios2eds/bin/gnu/h-i686-mingw32/bin/../lib/gcc/nios2-elf/4.1.2/../../../../nios2-elf/lib\libsmallc.a(lib_a-writer.o) (errno)
c:/altera/13.0sp1/nios2eds/bin/gnu/h-i686-mingw32/bin/../lib/gcc/nios2-elf/4.1.2\libgcc.a(lib2-divmod.o)
                              c:/altera/13.0sp1/nios2eds/bin/gnu/h-i686-mingw32/bin/../lib/gcc/nios2-elf/4.1.2/../../../../nios2-elf/lib\libsmallc.a(lib_a-strtol.o) (__udivsi3)
../mem_test_bsp/\libhal_bsp.a(alt_getchar.o)
                              obj/default/memtest_small.o (alt_getchar)
../mem_test_bsp/\libhal_bsp.a(alt_load.o)
                              ../mem_test_bsp//obj/HAL/src/crt0.o (alt_load)
../mem_test_bsp/\libhal_bsp.a(alt_main.o)
                              ../mem_test_bsp//obj/HAL/src/crt0.o (alt_main)
../mem_test_bsp/\libhal_bsp.a(alt_write.o)
                              c:/altera/13.0sp1/nios2eds/bin/gnu/h-i686-mingw32/bin/../lib/gcc/nios2-elf/4.1.2/../../../../nios2-elf/lib\libsmallc.a(lib_a-writer.o) (write)
../mem_test_bsp/\libhal_bsp.a(alt_sys_init.o)
                              ../mem_test_bsp/\libhal_bsp.a(alt_main.o) (alt_sys_init)
../mem_test_bsp/\libhal_bsp.a(altera_avalon_jtag_uart_read.o)
                              ../mem_test_bsp/\libhal_bsp.a(alt_getchar.o) (altera_avalon_jtag_uart_read)
../mem_test_bsp/\libhal_bsp.a(altera_avalon_jtag_uart_write.o)
                              ../mem_test_bsp/\libhal_bsp.a(alt_write.o) (altera_avalon_jtag_uart_write)
../mem_test_bsp/\libhal_bsp.a(alt_dcache_flush_all.o)
                              ../mem_test_bsp/\libhal_bsp.a(alt_load.o) (alt_dcache_flush_all)
../mem_test_bsp/\libhal_bsp.a(alt_dev.o)
                              ../mem_test_bsp/\libhal_bsp.a(alt_sys_init.o) (alt_dev_list)
../mem_test_bsp/\libhal_bsp.a(alt_dev_llist_insert.o)
                              ../mem_test_bsp/\libhal_bsp.a(alt_sys_init.o) (alt_dev_llist_insert)
../mem_test_bsp/\libhal_bsp.a(alt_errno.o)
                              ../mem_test_bsp/\libhal_bsp.a(alt_write.o) (alt_errno)
../mem_test_bsp/\libhal_bsp.a(alt_icache_flush_all.o)
                              ../mem_test_bsp/\libhal_bsp.a(alt_load.o) (alt_icache_flush_all)
../mem_test_bsp/\libhal_bsp.a(altera_nios2_qsys_irq.o)
                              ../mem_test_bsp/\libhal_bsp.a(alt_sys_init.o) (altera_nios2_qsys_irq_init)
../mem_test_bsp/\libhal_bsp.a(alt_icache_flush.o)
                              ../mem_test_bsp/\libhal_bsp.a(alt_icache_flush_all.o) (alt_icache_flush)

Allocating common symbols
Common symbol       size              file

errno               0x4               c:/altera/13.0sp1/nios2eds/bin/gnu/h-i686-mingw32/bin/../lib/gcc/nios2-elf/4.1.2/../../../../nios2-elf/lib\libsmallc.a(lib_a-int_errno.o)

Memory Configuration

Name             Origin             Length             Attributes
reset            0x02000000         0x00000020
sdram            0x02000020         0x01ffffe0
sram             0x04000000         0x00080000
*default*        0x00000000         0xffffffff

Linker script and memory map

LOAD ../mem_test_bsp//obj/HAL/src/crt0.o
                0x0200001c                exit = _exit
LOAD obj/default/memtest_small.o
LOAD c:/altera/13.0sp1/nios2eds/bin/gnu/h-i686-mingw32/bin/../lib/gcc/nios2-elf/4.1.2/../../../../nios2-elf/lib\libstdc++.a
LOAD c:/altera/13.0sp1/nios2eds/bin/gnu/h-i686-mingw32/bin/../lib/gcc/nios2-elf/4.1.2/../../../../nios2-elf/lib\libm.a
LOAD c:/altera/13.0sp1/nios2eds/bin/gnu/h-i686-mingw32/bin/../lib/gcc/nios2-elf/4.1.2\libgcc.a
START GROUP
LOAD c:/altera/13.0sp1/nios2eds/bin/gnu/h-i686-mingw32/bin/../lib/gcc/nios2-elf/4.1.2/../../../../nios2-elf/lib\libsmallc.a
LOAD c:/altera/13.0sp1/nios2eds/bin/gnu/h-i686-mingw32/bin/../lib/gcc/nios2-elf/4.1.2\libgcc.a
LOAD ../mem_test_bsp/\libhal_bsp.a
END GROUP
LOAD c:/altera/13.0sp1/nios2eds/bin/gnu/h-i686-mingw32/bin/../lib/gcc/nios2-elf/4.1.2\libgcc.a
                0x02000000                __alt_mem_sdram = 0x2000000
                0x04000000                __alt_mem_sram = 0x4000000

.entry          0x02000000       0x20
 *(.entry)
 .entry         0x02000000       0x20 ../mem_test_bsp//obj/HAL/src/crt0.o
                0x02000000                __reset
                0x0200001c                _exit

.exceptions     0x02000020        0x0
                0x02000020                PROVIDE (__ram_exceptions_start, ABSOLUTE (.))
                0x02000020                . = ALIGN (0x20)
 *(.irq)
 *(.exceptions.entry.label)
 *(.exceptions.entry.user)
 *(.exceptions.entry)
 *(.exceptions.irqtest.user)
 *(.exceptions.irqtest)
 *(.exceptions.irqhandler.user)
 *(.exceptions.irqhandler)
 *(.exceptions.irqreturn.user)
 *(.exceptions.irqreturn)
 *(.exceptions.notirq.label)
 *(.exceptions.notirq.user)
 *(.exceptions.notirq)
 *(.exceptions.soft.user)
 *(.exceptions.soft)
 *(.exceptions.unknown.user)
 *(.exceptions.unknown)
 *(.exceptions.exit.label)
 *(.exceptions.exit.user)
 *(.exceptions.exit)
 *(.exceptions)
                0x02000020                PROVIDE (__ram_exceptions_end, ABSOLUTE (.))
                0x02000020                PROVIDE (__flash_exceptions_start, LOADADDR (.exceptions))

.text           0x02000020     0x1768
                0x02000020                PROVIDE (stext, ABSOLUTE (.))
 *(.interp)
 *(.hash)
 *(.dynsym)
 *(.dynstr)
 *(.gnu.version)
 *(.gnu.version_d)
 *(.gnu.version_r)
 *(.rel.init)
 *(.rela.init)
 *(.rel.text .rel.text.* .rel.gnu.linkonce.t.*)
 *(.rela.text .rela.text.* .rela.gnu.linkonce.t.*)
 *(.rel.fini)
 *(.rela.fini)
 *(.rel.rodata .rel.rodata.* .rel.gnu.linkonce.r.*)
 *(.rela.rodata .rela.rodata.* .rela.gnu.linkonce.r.*)
 *(.rel.data .rel.data.* .rel.gnu.linkonce.d.*)
 *(.rela.data .rela.data.* .rela.gnu.linkonce.d.*)
 *(.rel.tdata .rel.tdata.* .rel.gnu.linkonce.td.*)
 *(.rela.tdata .rela.tdata.* .rela.gnu.linkonce.td.*)
 *(.rel.tbss .rel.tbss.* .rel.gnu.linkonce.tb.*)
 *(.rela.tbss .rela.tbss.* .rela.gnu.linkonce.tb.*)
 *(.rel.ctors)
 *(.rela.ctors)
 *(.rel.dtors)
 *(.rela.dtors)
 *(.rel.got)
 *(.rela.got)
 *(.rel.sdata .rel.sdata.* .rel.gnu.linkonce.s.*)
 *(.rela.sdata .rela.sdata.* .rela.gnu.linkonce.s.*)
 *(.rel.sbss .rel.sbss.* .rel.gnu.linkonce.sb.*)
 *(.rela.sbss .rela.sbss.* .rela.gnu.linkonce.sb.*)
 *(.rel.sdata2 .rel.sdata2.* .rel.gnu.linkonce.s2.*)
 *(.rela.sdata2 .rela.sdata2.* .rela.gnu.linkonce.s2.*)
 *(.rel.sbss2 .rel.sbss2.* .rel.gnu.linkonce.sb2.*)
 *(.rela.sbss2 .rela.sbss2.* .rela.gnu.linkonce.sb2.*)
 *(.rel.bss .rel.bss.* .rel.gnu.linkonce.b.*)
 *(.rela.bss .rela.bss.* .rela.gnu.linkonce.b.*)
 *(.rel.plt)
 *(.rela.plt)
 *(.rel.dyn)
 *(.init)
 *(.plt)
 *(.text .stub .text.* .gnu.linkonce.t.*)
 .text          0x02000020       0x4c ../mem_test_bsp//obj/HAL/src/crt0.o
                0x02000020                _start
 .text          0x0200006c      0x5c4 obj/default/memtest_small.o
                0x0200006c                GetInputString
                0x020000f0                main
 .text          0x02000630        0x0 c:/altera/13.0sp1/nios2eds/bin/gnu/h-i686-mingw32/bin/../lib/gcc/nios2-elf/4.1.2/../../../../nios2-elf/lib\libsmallc.a(lib_a-impure.o)
 .text          0x02000630       0x98 c:/altera/13.0sp1/nios2eds/bin/gnu/h-i686-mingw32/bin/../lib/gcc/nios2-elf/4.1.2/../../../../nios2-elf/lib\libsmallc.a(lib_a-printf.o)
                0x02000630                printf
                0x02000684                _printf_r
 .text          0x020006c8       0xe4 c:/altera/13.0sp1/nios2eds/bin/gnu/h-i686-mingw32/bin/../lib/gcc/nios2-elf/4.1.2/../../../../nios2-elf/lib\libsmallc.a(lib_a-putc.o)
                0x020006c8                putc
                0x02000738                _putc_r
 .text          0x020007ac       0x24 c:/altera/13.0sp1/nios2eds/bin/gnu/h-i686-mingw32/bin/../lib/gcc/nios2-elf/4.1.2/../../../../nios2-elf/lib\libsmallc.a(lib_a-putchar.o)
                0x020007ac                putchar
                0x020007c8                _putchar_r
 .text          0x020007d0       0xa4 c:/altera/13.0sp1/nios2eds/bin/gnu/h-i686-mingw32/bin/../lib/gcc/nios2-elf/4.1.2/../../../../nios2-elf/lib\libsmallc.a(lib_a-puts.o)
                0x020007d0                _puts_r
                0x02000860                puts
 .text          0x02000874       0x20 c:/altera/13.0sp1/nios2eds/bin/gnu/h-i686-mingw32/bin/../lib/gcc/nios2-elf/4.1.2/../../../../nios2-elf/lib\libsmallc.a(lib_a-strlen.o)
                0x02000874                strlen
 .text          0x02000894      0x268 c:/altera/13.0sp1/nios2eds/bin/gnu/h-i686-mingw32/bin/../lib/gcc/nios2-elf/4.1.2/../../../../nios2-elf/lib\libsmallc.a(lib_a-strtol.o)
                0x02000894                _strtol_r
                0x02000ad8                strtol
 .text          0x02000afc      0x6d4 c:/altera/13.0sp1/nios2eds/bin/gnu/h-i686-mingw32/bin/../lib/gcc/nios2-elf/4.1.2/../../../../nios2-elf/lib\libsmallc.a(lib_a-vfprintf.o)
                0x02000b7c                ___vfprintf_internal_r
                0x020011ac                __vfprintf_internal
 .text          0x020011d0        0x0 c:/altera/13.0sp1/nios2eds/bin/gnu/h-i686-mingw32/bin/../lib/gcc/nios2-elf/4.1.2/../../../../nios2-elf/lib\libsmallc.a(lib_a-ctype_.o)
 .text          0x020011d0       0xbc c:/altera/13.0sp1/nios2eds/bin/gnu/h-i686-mingw32/bin/../lib/gcc/nios2-elf/4.1.2/../../../../nios2-elf/lib\libsmallc.a(lib_a-fvwrite_small_dev.o)
                0x020011d0                __sfvwrite_small_dev
 .text          0x0200128c       0x78 c:/altera/13.0sp1/nios2eds/bin/gnu/h-i686-mingw32/bin/../lib/gcc/nios2-elf/4.1.2/../../../../nios2-elf/lib\libsmallc.a(lib_a-writer.o)
                0x0200128c                _write_r
 .text          0x02001304        0x0 c:/altera/13.0sp1/nios2eds/bin/gnu/h-i686-mingw32/bin/../lib/gcc/nios2-elf/4.1.2/../../../../nios2-elf/lib\libsmallc.a(lib_a-int_errno.o)
 .text          0x02001304      0x14c c:/altera/13.0sp1/nios2eds/bin/gnu/h-i686-mingw32/bin/../lib/gcc/nios2-elf/4.1.2\libgcc.a(lib2-divmod.o)
                0x02001380                __divsi3
                0x020013e0                __modsi3
                0x02001440                __udivsi3
                0x02001448                __umodsi3
 .text          0x02001450       0x44 ../mem_test_bsp/\libhal_bsp.a(alt_getchar.o)
                0x02001450                alt_getchar
 .text          0x02001494       0x8c ../mem_test_bsp/\libhal_bsp.a(alt_load.o)
                0x020014b4                alt_load
 .text          0x02001520       0x2c ../mem_test_bsp/\libhal_bsp.a(alt_main.o)
                0x02001520                alt_main
 .text          0x0200154c       0x78 ../mem_test_bsp/\libhal_bsp.a(alt_write.o)
                0x0200154c                write
 .text          0x020015c4       0x54 ../mem_test_bsp/\libhal_bsp.a(alt_sys_init.o)
                0x020015d0                alt_sys_init
                0x020015f8                alt_irq_init
 .text          0x02001618       0x60 ../mem_test_bsp/\libhal_bsp.a(altera_avalon_jtag_uart_read.o)
                0x02001618                altera_avalon_jtag_uart_read
 .text          0x02001678       0x34 ../mem_test_bsp/\libhal_bsp.a(altera_avalon_jtag_uart_write.o)
                0x02001678                altera_avalon_jtag_uart_write
 .text          0x020016ac       0x18 ../mem_test_bsp/\libhal_bsp.a(alt_dcache_flush_all.o)
                0x020016ac                alt_dcache_flush_all
 .text          0x020016c4        0x8 ../mem_test_bsp/\libhal_bsp.a(alt_dev.o)
 .text          0x020016cc       0x70 ../mem_test_bsp/\libhal_bsp.a(alt_dev_llist_insert.o)
                0x020016cc                alt_dev_llist_insert
 .text          0x0200173c        0x0 ../mem_test_bsp/\libhal_bsp.a(alt_errno.o)
 .text          0x0200173c        0xc ../mem_test_bsp/\libhal_bsp.a(alt_icache_flush_all.o)
                0x0200173c                alt_icache_flush_all
 .text          0x02001748        0x8 ../mem_test_bsp/\libhal_bsp.a(altera_nios2_qsys_irq.o)
                0x02001748                altera_nios2_qsys_irq_init
 .text          0x02001750       0x38 ../mem_test_bsp/\libhal_bsp.a(alt_icache_flush.o)
                0x02001750                alt_icache_flush
 *(.gnu.warning.*)
 *(.fini)
                0x02001788                PROVIDE (__etext, ABSOLUTE (.))
                0x02001788                PROVIDE (_etext, ABSOLUTE (.))
                0x02001788                PROVIDE (etext, ABSOLUTE (.))
 *(.eh_frame_hdr)
                0x02001788                . = ALIGN (0x4)
                0x02001788                PROVIDE (__preinit_array_start, ABSOLUTE (.))
 *(.preinit_array)
                0x02001788                PROVIDE (__preinit_array_end, ABSOLUTE (.))
                0x02001788                PROVIDE (__init_array_start, ABSOLUTE (.))
 *(.init_array)
                0x02001788                PROVIDE (__init_array_end, ABSOLUTE (.))
                0x02001788                PROVIDE (__fini_array_start, ABSOLUTE (.))
 *(.fini_array)
                0x02001788                PROVIDE (__fini_array_end, ABSOLUTE (.))
 *(.eh_frame)
 *(.gcc_except_table)
 *(.dynamic)
                0x02001788                PROVIDE (__CTOR_LIST__, ABSOLUTE (.))
 *(.ctors)
 *(SORT(.ctors.*))
                0x02001788                PROVIDE (__CTOR_END__, ABSOLUTE (.))
                0x02001788                PROVIDE (__DTOR_LIST__, ABSOLUTE (.))
 *(.dtors)
 *(SORT(.dtors.*))
                0x02001788                PROVIDE (__DTOR_END__, ABSOLUTE (.))
 *(.jcr)
                0x02001788                . = ALIGN (0x4)

.rodata         0x02001788      0x71c
                0x02001788                PROVIDE (__ram_rodata_start, ABSOLUTE (.))
                0x02001788                . = ALIGN (0x4)
 *(.rodata .rodata.* .gnu.linkonce.r.*)
 .rodata.str1.4
                0x02001788      0x46b obj/default/memtest_small.o
                                0x46c (size before relaxing)
 .rodata.str1.4
                0x00000000        0x4 c:/altera/13.0sp1/nios2eds/bin/gnu/h-i686-mingw32/bin/../lib/gcc/nios2-elf/4.1.2/../../../../nios2-elf/lib\libsmallc.a(lib_a-puts.o)
 .rodata        0x02001bf3      0x281 c:/altera/13.0sp1/nios2eds/bin/gnu/h-i686-mingw32/bin/../lib/gcc/nios2-elf/4.1.2/../../../../nios2-elf/lib\libsmallc.a(lib_a-ctype_.o)
                0x02001bf3                _ctype_
 .rodata.str1.4
                0x02001e74       0x21 ../mem_test_bsp/\libhal_bsp.a(alt_sys_init.o)
                                 0x24 (size before relaxing)
 *fill*         0x02001e95        0x3 00
 .rodata.str1.4
                0x02001e98        0xc ../mem_test_bsp/\libhal_bsp.a(alt_dev.o)
 *(.rodata1)
                0x02001ea4                . = ALIGN (0x4)
                0x02001ea4                PROVIDE (__ram_rodata_end, ABSOLUTE (.))
                0x02001788                PROVIDE (__flash_rodata_start, LOADADDR (.rodata))

.rwdata         0x02001ea4      0x1bc load address 0x02002060
                0x02001ea4                PROVIDE (__ram_rwdata_start, ABSOLUTE (.))
                0x02001ea4                . = ALIGN (0x4)
 *(.got.plt)
 *(.got)
 *(.data1)
 *(.data .data.* .gnu.linkonce.d.*)
 .data          0x02001ea4        0x0 ../mem_test_bsp//obj/HAL/src/crt0.o
 .data          0x02001ea4        0x0 obj/default/memtest_small.o
 .data          0x02001ea4       0xe0 c:/altera/13.0sp1/nios2eds/bin/gnu/h-i686-mingw32/bin/../lib/gcc/nios2-elf/4.1.2/../../../../nios2-elf/lib\libsmallc.a(lib_a-impure.o)
 .data          0x02001f84        0x0 c:/altera/13.0sp1/nios2eds/bin/gnu/h-i686-mingw32/bin/../lib/gcc/nios2-elf/4.1.2/../../../../nios2-elf/lib\libsmallc.a(lib_a-printf.o)
 .data          0x02001f84        0x0 c:/altera/13.0sp1/nios2eds/bin/gnu/h-i686-mingw32/bin/../lib/gcc/nios2-elf/4.1.2/../../../../nios2-elf/lib\libsmallc.a(lib_a-putc.o)
 .data          0x02001f84        0x0 c:/altera/13.0sp1/nios2eds/bin/gnu/h-i686-mingw32/bin/../lib/gcc/nios2-elf/4.1.2/../../../../nios2-elf/lib\libsmallc.a(lib_a-putchar.o)
 .data          0x02001f84        0x0 c:/altera/13.0sp1/nios2eds/bin/gnu/h-i686-mingw32/bin/../lib/gcc/nios2-elf/4.1.2/../../../../nios2-elf/lib\libsmallc.a(lib_a-puts.o)
 .data          0x02001f84        0x0 c:/altera/13.0sp1/nios2eds/bin/gnu/h-i686-mingw32/bin/../lib/gcc/nios2-elf/4.1.2/../../../../nios2-elf/lib\libsmallc.a(lib_a-strlen.o)
 .data          0x02001f84        0x0 c:/altera/13.0sp1/nios2eds/bin/gnu/h-i686-mingw32/bin/../lib/gcc/nios2-elf/4.1.2/../../../../nios2-elf/lib\libsmallc.a(lib_a-strtol.o)
 .data          0x02001f84        0x0 c:/altera/13.0sp1/nios2eds/bin/gnu/h-i686-mingw32/bin/../lib/gcc/nios2-elf/4.1.2/../../../../nios2-elf/lib\libsmallc.a(lib_a-vfprintf.o)
 .data          0x02001f84        0x0 c:/altera/13.0sp1/nios2eds/bin/gnu/h-i686-mingw32/bin/../lib/gcc/nios2-elf/4.1.2/../../../../nios2-elf/lib\libsmallc.a(lib_a-ctype_.o)
 .data          0x02001f84        0x0 c:/altera/13.0sp1/nios2eds/bin/gnu/h-i686-mingw32/bin/../lib/gcc/nios2-elf/4.1.2/../../../../nios2-elf/lib\libsmallc.a(lib_a-fvwrite_small_dev.o)
 .data          0x02001f84        0x0 c:/altera/13.0sp1/nios2eds/bin/gnu/h-i686-mingw32/bin/../lib/gcc/nios2-elf/4.1.2/../../../../nios2-elf/lib\libsmallc.a(lib_a-writer.o)
 .data          0x02001f84        0x0 c:/altera/13.0sp1/nios2eds/bin/gnu/h-i686-mingw32/bin/../lib/gcc/nios2-elf/4.1.2/../../../../nios2-elf/lib\libsmallc.a(lib_a-int_errno.o)
 .data          0x02001f84        0x0 c:/altera/13.0sp1/nios2eds/bin/gnu/h-i686-mingw32/bin/../lib/gcc/nios2-elf/4.1.2\libgcc.a(lib2-divmod.o)
 .data          0x02001f84        0x0 ../mem_test_bsp/\libhal_bsp.a(alt_getchar.o)
 .data          0x02001f84        0x0 ../mem_test_bsp/\libhal_bsp.a(alt_load.o)
 .data          0x02001f84        0x0 ../mem_test_bsp/\libhal_bsp.a(alt_main.o)
 .data          0x02001f84        0x0 ../mem_test_bsp/\libhal_bsp.a(alt_write.o)
 .data          0x02001f84       0x58 ../mem_test_bsp/\libhal_bsp.a(alt_sys_init.o)
 .data          0x02001fdc        0x0 ../mem_test_bsp/\libhal_bsp.a(altera_avalon_jtag_uart_read.o)
 .data          0x02001fdc        0x0 ../mem_test_bsp/\libhal_bsp.a(altera_avalon_jtag_uart_write.o)
 .data          0x02001fdc        0x0 ../mem_test_bsp/\libhal_bsp.a(alt_dcache_flush_all.o)
 .data          0x02001fdc       0x58 ../mem_test_bsp/\libhal_bsp.a(alt_dev.o)
                0x02001fdc                alt_dev_null
                0x02002004                alt_fd_list
 .data          0x02002034        0x0 ../mem_test_bsp/\libhal_bsp.a(alt_dev_llist_insert.o)
 .data          0x02002034        0x0 ../mem_test_bsp/\libhal_bsp.a(alt_errno.o)
 .data          0x02002034        0x0 ../mem_test_bsp/\libhal_bsp.a(alt_icache_flush_all.o)
 .data          0x02002034        0x0 ../mem_test_bsp/\libhal_bsp.a(altera_nios2_qsys_irq.o)
 .data          0x02002034        0x0 ../mem_test_bsp/\libhal_bsp.a(alt_icache_flush.o)
                0x0200a034                _gp = ABSOLUTE ((. + 0x8000))
                0x0200a034                PROVIDE (gp, _gp)
 *(.rwdata .rwdata.*)
 *(.sdata .sdata.* .gnu.linkonce.s.*)
 .sdata         0x02002034        0x4 obj/default/memtest_small.o
                0x02002034                green_LED_ptr
 .sdata         0x02002038        0x8 c:/altera/13.0sp1/nios2eds/bin/gnu/h-i686-mingw32/bin/../lib/gcc/nios2-elf/4.1.2/../../../../nios2-elf/lib\libsmallc.a(lib_a-impure.o)
                0x02002038                _impure_ptr
                0x0200203c                _global_impure_ptr
 .sdata         0x02002040        0x4 c:/altera/13.0sp1/nios2eds/bin/gnu/h-i686-mingw32/bin/../lib/gcc/nios2-elf/4.1.2/../../../../nios2-elf/lib\libsmallc.a(lib_a-ctype_.o)
                0x02002040                __ctype_ptr
 .sdata         0x02002044        0x4 ../mem_test_bsp/\libhal_bsp.a(alt_sys_init.o)
                0x02002044                jtag_uart
 .sdata         0x02002048       0x14 ../mem_test_bsp/\libhal_bsp.a(alt_dev.o)
                0x02002048                alt_fs_list
                0x02002050                alt_dev_list
                0x02002058                alt_max_fd
 .sdata         0x0200205c        0x4 ../mem_test_bsp/\libhal_bsp.a(alt_errno.o)
                0x0200205c                alt_errno
 *(.sdata2 .sdata2.* .gnu.linkonce.s2.*)
                0x02002060                . = ALIGN (0x4)
                0x02002060                _edata = ABSOLUTE (.)
                0x02002060                PROVIDE (edata, ABSOLUTE (.))
                0x02002060                PROVIDE (__ram_rwdata_end, ABSOLUTE (.))
                0x02002060                PROVIDE (__flash_rwdata_start, LOADADDR (.rwdata))

.bss            0x0200221c       0x10
                0x0200221c                __bss_start = ABSOLUTE (.)
                0x0200221c                PROVIDE (__sbss_start, ABSOLUTE (.))
                0x0200221c                PROVIDE (___sbss_start, ABSOLUTE (.))
 *(.dynsbss)
 *(.sbss .sbss.* .gnu.linkonce.sb.*)
 .sbss          0x0200221c        0x4 c:/altera/13.0sp1/nios2eds/bin/gnu/h-i686-mingw32/bin/../lib/gcc/nios2-elf/4.1.2/../../../../nios2-elf/lib\libsmallc.a(lib_a-int_errno.o)
                0x0200221c                errno
 .sbss          0x02002220        0xc ../mem_test_bsp/\libhal_bsp.a(alt_main.o)
                0x02002220                alt_argc
                0x02002224                alt_argv
                0x02002228                alt_envp
 *(.sbss2 .sbss2.* .gnu.linkonce.sb2.*)
 *(.scommon)
                0x0200222c                PROVIDE (__sbss_end, ABSOLUTE (.))
                0x0200222c                PROVIDE (___sbss_end, ABSOLUTE (.))
 *(.dynbss)
 *(.bss .bss.* .gnu.linkonce.b.*)
 .bss           0x0200222c        0x0 ../mem_test_bsp//obj/HAL/src/crt0.o
 .bss           0x0200222c        0x0 obj/default/memtest_small.o
 .bss           0x0200222c        0x0 c:/altera/13.0sp1/nios2eds/bin/gnu/h-i686-mingw32/bin/../lib/gcc/nios2-elf/4.1.2/../../../../nios2-elf/lib\libsmallc.a(lib_a-impure.o)
 .bss           0x0200222c        0x0 c:/altera/13.0sp1/nios2eds/bin/gnu/h-i686-mingw32/bin/../lib/gcc/nios2-elf/4.1.2/../../../../nios2-elf/lib\libsmallc.a(lib_a-printf.o)
 .bss           0x0200222c        0x0 c:/altera/13.0sp1/nios2eds/bin/gnu/h-i686-mingw32/bin/../lib/gcc/nios2-elf/4.1.2/../../../../nios2-elf/lib\libsmallc.a(lib_a-putc.o)
 .bss           0x0200222c        0x0 c:/altera/13.0sp1/nios2eds/bin/gnu/h-i686-mingw32/bin/../lib/gcc/nios2-elf/4.1.2/../../../../nios2-elf/lib\libsmallc.a(lib_a-putchar.o)
 .bss           0x0200222c        0x0 c:/altera/13.0sp1/nios2eds/bin/gnu/h-i686-mingw32/bin/../lib/gcc/nios2-elf/4.1.2/../../../../nios2-elf/lib\libsmallc.a(lib_a-puts.o)
 .bss           0x0200222c        0x0 c:/altera/13.0sp1/nios2eds/bin/gnu/h-i686-mingw32/bin/../lib/gcc/nios2-elf/4.1.2/../../../../nios2-elf/lib\libsmallc.a(lib_a-strlen.o)
 .bss           0x0200222c        0x0 c:/altera/13.0sp1/nios2eds/bin/gnu/h-i686-mingw32/bin/../lib/gcc/nios2-elf/4.1.2/../../../../nios2-elf/lib\libsmallc.a(lib_a-strtol.o)
 .bss           0x0200222c        0x0 c:/altera/13.0sp1/nios2eds/bin/gnu/h-i686-mingw32/bin/../lib/gcc/nios2-elf/4.1.2/../../../../nios2-elf/lib\libsmallc.a(lib_a-vfprintf.o)
 .bss           0x0200222c        0x0 c:/altera/13.0sp1/nios2eds/bin/gnu/h-i686-mingw32/bin/../lib/gcc/nios2-elf/4.1.2/../../../../nios2-elf/lib\libsmallc.a(lib_a-ctype_.o)
 .bss           0x0200222c        0x0 c:/altera/13.0sp1/nios2eds/bin/gnu/h-i686-mingw32/bin/../lib/gcc/nios2-elf/4.1.2/../../../../nios2-elf/lib\libsmallc.a(lib_a-fvwrite_small_dev.o)
 .bss           0x0200222c        0x0 c:/altera/13.0sp1/nios2eds/bin/gnu/h-i686-mingw32/bin/../lib/gcc/nios2-elf/4.1.2/../../../../nios2-elf/lib\libsmallc.a(lib_a-writer.o)
 .bss           0x0200222c        0x0 c:/altera/13.0sp1/nios2eds/bin/gnu/h-i686-mingw32/bin/../lib/gcc/nios2-elf/4.1.2/../../../../nios2-elf/lib\libsmallc.a(lib_a-int_errno.o)
 .bss           0x0200222c        0x0 c:/altera/13.0sp1/nios2eds/bin/gnu/h-i686-mingw32/bin/../lib/gcc/nios2-elf/4.1.2\libgcc.a(lib2-divmod.o)
 .bss           0x0200222c        0x0 ../mem_test_bsp/\libhal_bsp.a(alt_getchar.o)
 .bss           0x0200222c        0x0 ../mem_test_bsp/\libhal_bsp.a(alt_load.o)
 .bss           0x0200222c        0x0 ../mem_test_bsp/\libhal_bsp.a(alt_main.o)
 .bss           0x0200222c        0x0 ../mem_test_bsp/\libhal_bsp.a(alt_write.o)
 .bss           0x0200222c        0x0 ../mem_test_bsp/\libhal_bsp.a(alt_sys_init.o)
 .bss           0x0200222c        0x0 ../mem_test_bsp/\libhal_bsp.a(altera_avalon_jtag_uart_read.o)
 .bss           0x0200222c        0x0 ../mem_test_bsp/\libhal_bsp.a(altera_avalon_jtag_uart_write.o)
 .bss           0x0200222c        0x0 ../mem_test_bsp/\libhal_bsp.a(alt_dcache_flush_all.o)
 .bss           0x0200222c        0x0 ../mem_test_bsp/\libhal_bsp.a(alt_dev.o)
 .bss           0x0200222c        0x0 ../mem_test_bsp/\libhal_bsp.a(alt_dev_llist_insert.o)
 .bss           0x0200222c        0x0 ../mem_test_bsp/\libhal_bsp.a(alt_errno.o)
 .bss           0x0200222c        0x0 ../mem_test_bsp/\libhal_bsp.a(alt_icache_flush_all.o)
 .bss           0x0200222c        0x0 ../mem_test_bsp/\libhal_bsp.a(altera_nios2_qsys_irq.o)
 .bss           0x0200222c        0x0 ../mem_test_bsp/\libhal_bsp.a(alt_icache_flush.o)
 *(COMMON)
                0x0200222c                . = ALIGN (0x4)
                0x0200222c                __bss_end = ABSOLUTE (.)

.sdram          0x0200222c        0x0
                0x0200222c                PROVIDE (_alt_partition_sdram_start, ABSOLUTE (.))
 *(.sdram. sdram.*)
                0x0200222c                . = ALIGN (0x4)
                0x0200222c                PROVIDE (_alt_partition_sdram_end, ABSOLUTE (.))
                0x0200222c                _end = ABSOLUTE (.)
                0x0200222c                end = ABSOLUTE (.)
                0x0200222c                __alt_stack_base = ABSOLUTE (.)
                0x0200222c                PROVIDE (_alt_partition_sdram_load_addr, LOADADDR (.sdram))

.sram           0x04000000        0x0 load address 0x0200222c
                0x04000000                PROVIDE (_alt_partition_sram_start, ABSOLUTE (.))
 *(.sram. sram.*)
                0x04000000                . = ALIGN (0x4)
                0x04000000                PROVIDE (_alt_partition_sram_end, ABSOLUTE (.))
                0x0200222c                PROVIDE (_alt_partition_sram_load_addr, LOADADDR (.sram))

.stab
 *(.stab)

.stabstr
 *(.stabstr)

.stab.excl
 *(.stab.excl)

.stab.exclstr
 *(.stab.exclstr)

.stab.index
 *(.stab.index)

.stab.indexstr
 *(.stab.indexstr)

.comment        0x00000000       0x26
 *(.comment)
 .comment       0x00000000       0x26 obj/default/memtest_small.o
                                 0x27 (size before relaxing)
 .comment       0x00000000       0x27 c:/altera/13.0sp1/nios2eds/bin/gnu/h-i686-mingw32/bin/../lib/gcc/nios2-elf/4.1.2/../../../../nios2-elf/lib\libsmallc.a(lib_a-impure.o)
 .comment       0x00000000       0x27 c:/altera/13.0sp1/nios2eds/bin/gnu/h-i686-mingw32/bin/../lib/gcc/nios2-elf/4.1.2/../../../../nios2-elf/lib\libsmallc.a(lib_a-printf.o)
 .comment       0x00000000       0x27 c:/altera/13.0sp1/nios2eds/bin/gnu/h-i686-mingw32/bin/../lib/gcc/nios2-elf/4.1.2/../../../../nios2-elf/lib\libsmallc.a(lib_a-putc.o)
 .comment       0x00000000       0x27 c:/altera/13.0sp1/nios2eds/bin/gnu/h-i686-mingw32/bin/../lib/gcc/nios2-elf/4.1.2/../../../../nios2-elf/lib\libsmallc.a(lib_a-putchar.o)
 .comment       0x00000000       0x27 c:/altera/13.0sp1/nios2eds/bin/gnu/h-i686-mingw32/bin/../lib/gcc/nios2-elf/4.1.2/../../../../nios2-elf/lib\libsmallc.a(lib_a-puts.o)
 .comment       0x00000000       0x27 c:/altera/13.0sp1/nios2eds/bin/gnu/h-i686-mingw32/bin/../lib/gcc/nios2-elf/4.1.2/../../../../nios2-elf/lib\libsmallc.a(lib_a-strlen.o)
 .comment       0x00000000       0x27 c:/altera/13.0sp1/nios2eds/bin/gnu/h-i686-mingw32/bin/../lib/gcc/nios2-elf/4.1.2/../../../../nios2-elf/lib\libsmallc.a(lib_a-strtol.o)
 .comment       0x00000000       0x27 c:/altera/13.0sp1/nios2eds/bin/gnu/h-i686-mingw32/bin/../lib/gcc/nios2-elf/4.1.2/../../../../nios2-elf/lib\libsmallc.a(lib_a-vfprintf.o)
 .comment       0x00000000       0x27 c:/altera/13.0sp1/nios2eds/bin/gnu/h-i686-mingw32/bin/../lib/gcc/nios2-elf/4.1.2/../../../../nios2-elf/lib\libsmallc.a(lib_a-ctype_.o)
 .comment       0x00000000       0x27 c:/altera/13.0sp1/nios2eds/bin/gnu/h-i686-mingw32/bin/../lib/gcc/nios2-elf/4.1.2/../../../../nios2-elf/lib\libsmallc.a(lib_a-fvwrite_small_dev.o)
 .comment       0x00000000       0x27 c:/altera/13.0sp1/nios2eds/bin/gnu/h-i686-mingw32/bin/../lib/gcc/nios2-elf/4.1.2/../../../../nios2-elf/lib\libsmallc.a(lib_a-writer.o)
 .comment       0x00000000       0x27 c:/altera/13.0sp1/nios2eds/bin/gnu/h-i686-mingw32/bin/../lib/gcc/nios2-elf/4.1.2/../../../../nios2-elf/lib\libsmallc.a(lib_a-int_errno.o)
 .comment       0x00000000       0x27 c:/altera/13.0sp1/nios2eds/bin/gnu/h-i686-mingw32/bin/../lib/gcc/nios2-elf/4.1.2\libgcc.a(lib2-divmod.o)
 .comment       0x00000000       0x27 ../mem_test_bsp/\libhal_bsp.a(alt_getchar.o)
 .comment       0x00000000       0x27 ../mem_test_bsp/\libhal_bsp.a(alt_load.o)
 .comment       0x00000000       0x27 ../mem_test_bsp/\libhal_bsp.a(alt_main.o)
 .comment       0x00000000       0x27 ../mem_test_bsp/\libhal_bsp.a(alt_write.o)
 .comment       0x00000000       0x27 ../mem_test_bsp/\libhal_bsp.a(alt_sys_init.o)
 .comment       0x00000000       0x27 ../mem_test_bsp/\libhal_bsp.a(altera_avalon_jtag_uart_read.o)
 .comment       0x00000000       0x27 ../mem_test_bsp/\libhal_bsp.a(altera_avalon_jtag_uart_write.o)
 .comment       0x00000000       0x27 ../mem_test_bsp/\libhal_bsp.a(alt_dcache_flush_all.o)
 .comment       0x00000000       0x27 ../mem_test_bsp/\libhal_bsp.a(alt_dev.o)
 .comment       0x00000000       0x27 ../mem_test_bsp/\libhal_bsp.a(alt_dev_llist_insert.o)
 .comment       0x00000000       0x27 ../mem_test_bsp/\libhal_bsp.a(alt_errno.o)
 .comment       0x00000000       0x27 ../mem_test_bsp/\libhal_bsp.a(alt_icache_flush_all.o)
 .comment       0x00000000       0x27 ../mem_test_bsp/\libhal_bsp.a(altera_nios2_qsys_irq.o)
 .comment       0x00000000       0x27 ../mem_test_bsp/\libhal_bsp.a(alt_icache_flush.o)

.debug
 *(.debug)

.line
 *(.line)

.debug_srcinfo
 *(.debug_srcinfo)

.debug_sfnames
 *(.debug_sfnames)

.debug_aranges  0x00000000      0x328
 *(.debug_aranges)
 .debug_aranges
                0x00000000       0x28 ../mem_test_bsp//obj/HAL/src/crt0.o
 .debug_aranges
                0x00000028       0x20 obj/default/memtest_small.o
 .debug_aranges
                0x00000048       0x20 c:/altera/13.0sp1/nios2eds/bin/gnu/h-i686-mingw32/bin/../lib/gcc/nios2-elf/4.1.2/../../../../nios2-elf/lib\libsmallc.a(lib_a-printf.o)
 .debug_aranges
                0x00000068       0x20 c:/altera/13.0sp1/nios2eds/bin/gnu/h-i686-mingw32/bin/../lib/gcc/nios2-elf/4.1.2/../../../../nios2-elf/lib\libsmallc.a(lib_a-putc.o)
 .debug_aranges
                0x00000088       0x20 c:/altera/13.0sp1/nios2eds/bin/gnu/h-i686-mingw32/bin/../lib/gcc/nios2-elf/4.1.2/../../../../nios2-elf/lib\libsmallc.a(lib_a-putchar.o)
 .debug_aranges
                0x000000a8       0x20 c:/altera/13.0sp1/nios2eds/bin/gnu/h-i686-mingw32/bin/../lib/gcc/nios2-elf/4.1.2/../../../../nios2-elf/lib\libsmallc.a(lib_a-puts.o)
 .debug_aranges
                0x000000c8       0x20 c:/altera/13.0sp1/nios2eds/bin/gnu/h-i686-mingw32/bin/../lib/gcc/nios2-elf/4.1.2/../../../../nios2-elf/lib\libsmallc.a(lib_a-strlen.o)
 .debug_aranges
                0x000000e8       0x20 c:/altera/13.0sp1/nios2eds/bin/gnu/h-i686-mingw32/bin/../lib/gcc/nios2-elf/4.1.2/../../../../nios2-elf/lib\libsmallc.a(lib_a-strtol.o)
 .debug_aranges
                0x00000108       0x20 c:/altera/13.0sp1/nios2eds/bin/gnu/h-i686-mingw32/bin/../lib/gcc/nios2-elf/4.1.2/../../../../nios2-elf/lib\libsmallc.a(lib_a-vfprintf.o)
 .debug_aranges
                0x00000128       0x20 c:/altera/13.0sp1/nios2eds/bin/gnu/h-i686-mingw32/bin/../lib/gcc/nios2-elf/4.1.2/../../../../nios2-elf/lib\libsmallc.a(lib_a-fvwrite_small_dev.o)
 .debug_aranges
                0x00000148       0x20 c:/altera/13.0sp1/nios2eds/bin/gnu/h-i686-mingw32/bin/../lib/gcc/nios2-elf/4.1.2/../../../../nios2-elf/lib\libsmallc.a(lib_a-writer.o)
 .debug_aranges
                0x00000168       0x20 c:/altera/13.0sp1/nios2eds/bin/gnu/h-i686-mingw32/bin/../lib/gcc/nios2-elf/4.1.2\libgcc.a(lib2-divmod.o)
 .debug_aranges
                0x00000188       0x20 ../mem_test_bsp/\libhal_bsp.a(alt_getchar.o)
 .debug_aranges
                0x000001a8       0x20 ../mem_test_bsp/\libhal_bsp.a(alt_load.o)
 .debug_aranges
                0x000001c8       0x20 ../mem_test_bsp/\libhal_bsp.a(alt_main.o)
 .debug_aranges
                0x000001e8       0x20 ../mem_test_bsp/\libhal_bsp.a(alt_write.o)
 .debug_aranges
                0x00000208       0x20 ../mem_test_bsp/\libhal_bsp.a(alt_sys_init.o)
 .debug_aranges
                0x00000228       0x20 ../mem_test_bsp/\libhal_bsp.a(altera_avalon_jtag_uart_read.o)
 .debug_aranges
                0x00000248       0x20 ../mem_test_bsp/\libhal_bsp.a(altera_avalon_jtag_uart_write.o)
 .debug_aranges
                0x00000268       0x20 ../mem_test_bsp/\libhal_bsp.a(alt_dcache_flush_all.o)
 .debug_aranges
                0x00000288       0x20 ../mem_test_bsp/\libhal_bsp.a(alt_dev.o)
 .debug_aranges
                0x000002a8       0x20 ../mem_test_bsp/\libhal_bsp.a(alt_dev_llist_insert.o)
 .debug_aranges
                0x000002c8       0x20 ../mem_test_bsp/\libhal_bsp.a(alt_icache_flush_all.o)
 .debug_aranges
                0x000002e8       0x20 ../mem_test_bsp/\libhal_bsp.a(altera_nios2_qsys_irq.o)
 .debug_aranges
                0x00000308       0x20 ../mem_test_bsp/\libhal_bsp.a(alt_icache_flush.o)

.debug_pubnames
                0x00000000      0x530
 *(.debug_pubnames)
 .debug_pubnames
                0x00000000       0x40 obj/default/memtest_small.o
 .debug_pubnames
                0x00000040       0x39 c:/altera/13.0sp1/nios2eds/bin/gnu/h-i686-mingw32/bin/../lib/gcc/nios2-elf/4.1.2/../../../../nios2-elf/lib\libsmallc.a(lib_a-impure.o)
 .debug_pubnames
                0x00000079       0x2b c:/altera/13.0sp1/nios2eds/bin/gnu/h-i686-mingw32/bin/../lib/gcc/nios2-elf/4.1.2/../../../../nios2-elf/lib\libsmallc.a(lib_a-printf.o)
 .debug_pubnames
                0x000000a4       0x27 c:/altera/13.0sp1/nios2eds/bin/gnu/h-i686-mingw32/bin/../lib/gcc/nios2-elf/4.1.2/../../../../nios2-elf/lib\libsmallc.a(lib_a-putc.o)
 .debug_pubnames
                0x000000cb       0x2d c:/altera/13.0sp1/nios2eds/bin/gnu/h-i686-mingw32/bin/../lib/gcc/nios2-elf/4.1.2/../../../../nios2-elf/lib\libsmallc.a(lib_a-putchar.o)
 .debug_pubnames
                0x000000f8       0x27 c:/altera/13.0sp1/nios2eds/bin/gnu/h-i686-mingw32/bin/../lib/gcc/nios2-elf/4.1.2/../../../../nios2-elf/lib\libsmallc.a(lib_a-puts.o)
 .debug_pubnames
                0x0000011f       0x1d c:/altera/13.0sp1/nios2eds/bin/gnu/h-i686-mingw32/bin/../lib/gcc/nios2-elf/4.1.2/../../../../nios2-elf/lib\libsmallc.a(lib_a-strlen.o)
 .debug_pubnames
                0x0000013c       0x2b c:/altera/13.0sp1/nios2eds/bin/gnu/h-i686-mingw32/bin/../lib/gcc/nios2-elf/4.1.2/../../../../nios2-elf/lib\libsmallc.a(lib_a-strtol.o)
 .debug_pubnames
                0x00000167       0x45 c:/altera/13.0sp1/nios2eds/bin/gnu/h-i686-mingw32/bin/../lib/gcc/nios2-elf/4.1.2/../../../../nios2-elf/lib\libsmallc.a(lib_a-vfprintf.o)
 .debug_pubnames
                0x000001ac       0x2e c:/altera/13.0sp1/nios2eds/bin/gnu/h-i686-mingw32/bin/../lib/gcc/nios2-elf/4.1.2/../../../../nios2-elf/lib\libsmallc.a(lib_a-ctype_.o)
 .debug_pubnames
                0x000001da       0x2b c:/altera/13.0sp1/nios2eds/bin/gnu/h-i686-mingw32/bin/../lib/gcc/nios2-elf/4.1.2/../../../../nios2-elf/lib\libsmallc.a(lib_a-fvwrite_small_dev.o)
 .debug_pubnames
                0x00000205       0x1f c:/altera/13.0sp1/nios2eds/bin/gnu/h-i686-mingw32/bin/../lib/gcc/nios2-elf/4.1.2/../../../../nios2-elf/lib\libsmallc.a(lib_a-writer.o)
 .debug_pubnames
                0x00000224       0x1c c:/altera/13.0sp1/nios2eds/bin/gnu/h-i686-mingw32/bin/../lib/gcc/nios2-elf/4.1.2/../../../../nios2-elf/lib\libsmallc.a(lib_a-int_errno.o)
 .debug_pubnames
                0x00000240       0x48 c:/altera/13.0sp1/nios2eds/bin/gnu/h-i686-mingw32/bin/../lib/gcc/nios2-elf/4.1.2\libgcc.a(lib2-divmod.o)
 .debug_pubnames
                0x00000288       0x22 ../mem_test_bsp/\libhal_bsp.a(alt_getchar.o)
 .debug_pubnames
                0x000002aa       0x1f ../mem_test_bsp/\libhal_bsp.a(alt_load.o)
 .debug_pubnames
                0x000002c9       0x46 ../mem_test_bsp/\libhal_bsp.a(alt_main.o)
 .debug_pubnames
                0x0000030f       0x1c ../mem_test_bsp/\libhal_bsp.a(alt_write.o)
 .debug_pubnames
                0x0000032b       0x42 ../mem_test_bsp/\libhal_bsp.a(alt_sys_init.o)
 .debug_pubnames
                0x0000036d       0x33 ../mem_test_bsp/\libhal_bsp.a(altera_avalon_jtag_uart_read.o)
 .debug_pubnames
                0x000003a0       0x34 ../mem_test_bsp/\libhal_bsp.a(altera_avalon_jtag_uart_write.o)
 .debug_pubnames
                0x000003d4       0x2b ../mem_test_bsp/\libhal_bsp.a(alt_dcache_flush_all.o)
 .debug_pubnames
                0x000003ff       0x63 ../mem_test_bsp/\libhal_bsp.a(alt_dev.o)
 .debug_pubnames
                0x00000462       0x2b ../mem_test_bsp/\libhal_bsp.a(alt_dev_llist_insert.o)
 .debug_pubnames
                0x0000048d       0x20 ../mem_test_bsp/\libhal_bsp.a(alt_errno.o)
 .debug_pubnames
                0x000004ad       0x2b ../mem_test_bsp/\libhal_bsp.a(alt_icache_flush_all.o)
 .debug_pubnames
                0x000004d8       0x31 ../mem_test_bsp/\libhal_bsp.a(altera_nios2_qsys_irq.o)
 .debug_pubnames
                0x00000509       0x27 ../mem_test_bsp/\libhal_bsp.a(alt_icache_flush.o)

.debug_info     0x00000000     0x6868
 *(.debug_info .gnu.linkonce.wi.*)
 .debug_info    0x00000000       0x5a ../mem_test_bsp//obj/HAL/src/crt0.o
 .debug_info    0x0000005a      0xd0d obj/default/memtest_small.o
 .debug_info    0x00000d67      0x636 c:/altera/13.0sp1/nios2eds/bin/gnu/h-i686-mingw32/bin/../lib/gcc/nios2-elf/4.1.2/../../../../nios2-elf/lib\libsmallc.a(lib_a-impure.o)
 .debug_info    0x0000139d      0x6c8 c:/altera/13.0sp1/nios2eds/bin/gnu/h-i686-mingw32/bin/../lib/gcc/nios2-elf/4.1.2/../../../../nios2-elf/lib\libsmallc.a(lib_a-printf.o)
 .debug_info    0x00001a65      0x6b8 c:/altera/13.0sp1/nios2eds/bin/gnu/h-i686-mingw32/bin/../lib/gcc/nios2-elf/4.1.2/../../../../nios2-elf/lib\libsmallc.a(lib_a-putc.o)
 .debug_info    0x0000211d      0x66b c:/altera/13.0sp1/nios2eds/bin/gnu/h-i686-mingw32/bin/../lib/gcc/nios2-elf/4.1.2/../../../../nios2-elf/lib\libsmallc.a(lib_a-putchar.o)
 .debug_info    0x00002788      0x685 c:/altera/13.0sp1/nios2eds/bin/gnu/h-i686-mingw32/bin/../lib/gcc/nios2-elf/4.1.2/../../../../nios2-elf/lib\libsmallc.a(lib_a-puts.o)
 .debug_info    0x00002e0d       0xc2 c:/altera/13.0sp1/nios2eds/bin/gnu/h-i686-mingw32/bin/../lib/gcc/nios2-elf/4.1.2/../../../../nios2-elf/lib\libsmallc.a(lib_a-strlen.o)
 .debug_info    0x00002ecf      0x723 c:/altera/13.0sp1/nios2eds/bin/gnu/h-i686-mingw32/bin/../lib/gcc/nios2-elf/4.1.2/../../../../nios2-elf/lib\libsmallc.a(lib_a-strtol.o)
 .debug_info    0x000035f2      0x9b5 c:/altera/13.0sp1/nios2eds/bin/gnu/h-i686-mingw32/bin/../lib/gcc/nios2-elf/4.1.2/../../../../nios2-elf/lib\libsmallc.a(lib_a-vfprintf.o)
 .debug_info    0x00003fa7       0xa0 c:/altera/13.0sp1/nios2eds/bin/gnu/h-i686-mingw32/bin/../lib/gcc/nios2-elf/4.1.2/../../../../nios2-elf/lib\libsmallc.a(lib_a-ctype_.o)
 .debug_info    0x00004047      0x68e c:/altera/13.0sp1/nios2eds/bin/gnu/h-i686-mingw32/bin/../lib/gcc/nios2-elf/4.1.2/../../../../nios2-elf/lib\libsmallc.a(lib_a-fvwrite_small_dev.o)
 .debug_info    0x000046d5      0x68c c:/altera/13.0sp1/nios2eds/bin/gnu/h-i686-mingw32/bin/../lib/gcc/nios2-elf/4.1.2/../../../../nios2-elf/lib\libsmallc.a(lib_a-writer.o)
 .debug_info    0x00004d61       0x8c c:/altera/13.0sp1/nios2eds/bin/gnu/h-i686-mingw32/bin/../lib/gcc/nios2-elf/4.1.2/../../../../nios2-elf/lib\libsmallc.a(lib_a-int_errno.o)
 .debug_info    0x00004ded      0x21c c:/altera/13.0sp1/nios2eds/bin/gnu/h-i686-mingw32/bin/../lib/gcc/nios2-elf/4.1.2\libgcc.a(lib2-divmod.o)
 .debug_info    0x00005009      0x300 ../mem_test_bsp/\libhal_bsp.a(alt_getchar.o)
 .debug_info    0x00005309      0x12e ../mem_test_bsp/\libhal_bsp.a(alt_load.o)
 .debug_info    0x00005437      0x14f ../mem_test_bsp/\libhal_bsp.a(alt_main.o)
 .debug_info    0x00005586      0x179 ../mem_test_bsp/\libhal_bsp.a(alt_write.o)
 .debug_info    0x000056ff      0x403 ../mem_test_bsp/\libhal_bsp.a(alt_sys_init.o)
 .debug_info    0x00005b02      0x1c6 ../mem_test_bsp/\libhal_bsp.a(altera_avalon_jtag_uart_read.o)
 .debug_info    0x00005cc8      0x1a9 ../mem_test_bsp/\libhal_bsp.a(altera_avalon_jtag_uart_write.o)
 .debug_info    0x00005e71       0x9f ../mem_test_bsp/\libhal_bsp.a(alt_dcache_flush_all.o)
 .debug_info    0x00005f10      0x4dd ../mem_test_bsp/\libhal_bsp.a(alt_dev.o)
 .debug_info    0x000063ed      0x1b7 ../mem_test_bsp/\libhal_bsp.a(alt_dev_llist_insert.o)
 .debug_info    0x000065a4       0xab ../mem_test_bsp/\libhal_bsp.a(alt_errno.o)
 .debug_info    0x0000664f       0x8d ../mem_test_bsp/\libhal_bsp.a(alt_icache_flush_all.o)
 .debug_info    0x000066dc       0xb7 ../mem_test_bsp/\libhal_bsp.a(altera_nios2_qsys_irq.o)
 .debug_info    0x00006793       0xd5 ../mem_test_bsp/\libhal_bsp.a(alt_icache_flush.o)

.debug_abbrev   0x00000000     0x1caf
 *(.debug_abbrev)
 .debug_abbrev  0x00000000       0x12 ../mem_test_bsp//obj/HAL/src/crt0.o
 .debug_abbrev  0x00000012      0x2bd obj/default/memtest_small.o
 .debug_abbrev  0x000002cf      0x13f c:/altera/13.0sp1/nios2eds/bin/gnu/h-i686-mingw32/bin/../lib/gcc/nios2-elf/4.1.2/../../../../nios2-elf/lib\libsmallc.a(lib_a-impure.o)
 .debug_abbrev  0x0000040e      0x179 c:/altera/13.0sp1/nios2eds/bin/gnu/h-i686-mingw32/bin/../lib/gcc/nios2-elf/4.1.2/../../../../nios2-elf/lib\libsmallc.a(lib_a-printf.o)
 .debug_abbrev  0x00000587      0x167 c:/altera/13.0sp1/nios2eds/bin/gnu/h-i686-mingw32/bin/../lib/gcc/nios2-elf/4.1.2/../../../../nios2-elf/lib\libsmallc.a(lib_a-putc.o)
 .debug_abbrev  0x000006ee      0x158 c:/altera/13.0sp1/nios2eds/bin/gnu/h-i686-mingw32/bin/../lib/gcc/nios2-elf/4.1.2/../../../../nios2-elf/lib\libsmallc.a(lib_a-putchar.o)
 .debug_abbrev  0x00000846      0x180 c:/altera/13.0sp1/nios2eds/bin/gnu/h-i686-mingw32/bin/../lib/gcc/nios2-elf/4.1.2/../../../../nios2-elf/lib\libsmallc.a(lib_a-puts.o)
 .debug_abbrev  0x000009c6       0x7a c:/altera/13.0sp1/nios2eds/bin/gnu/h-i686-mingw32/bin/../lib/gcc/nios2-elf/4.1.2/../../../../nios2-elf/lib\libsmallc.a(lib_a-strlen.o)
 .debug_abbrev  0x00000a40      0x1af c:/altera/13.0sp1/nios2eds/bin/gnu/h-i686-mingw32/bin/../lib/gcc/nios2-elf/4.1.2/../../../../nios2-elf/lib\libsmallc.a(lib_a-strtol.o)
 .debug_abbrev  0x00000bef      0x263 c:/altera/13.0sp1/nios2eds/bin/gnu/h-i686-mingw32/bin/../lib/gcc/nios2-elf/4.1.2/../../../../nios2-elf/lib\libsmallc.a(lib_a-vfprintf.o)
 .debug_abbrev  0x00000e52       0x61 c:/altera/13.0sp1/nios2eds/bin/gnu/h-i686-mingw32/bin/../lib/gcc/nios2-elf/4.1.2/../../../../nios2-elf/lib\libsmallc.a(lib_a-ctype_.o)
 .debug_abbrev  0x00000eb3      0x179 c:/altera/13.0sp1/nios2eds/bin/gnu/h-i686-mingw32/bin/../lib/gcc/nios2-elf/4.1.2/../../../../nios2-elf/lib\libsmallc.a(lib_a-fvwrite_small_dev.o)
 .debug_abbrev  0x0000102c      0x16c c:/altera/13.0sp1/nios2eds/bin/gnu/h-i686-mingw32/bin/../lib/gcc/nios2-elf/4.1.2/../../../../nios2-elf/lib\libsmallc.a(lib_a-writer.o)
 .debug_abbrev  0x00001198       0x3b c:/altera/13.0sp1/nios2eds/bin/gnu/h-i686-mingw32/bin/../lib/gcc/nios2-elf/4.1.2/../../../../nios2-elf/lib\libsmallc.a(lib_a-int_errno.o)
 .debug_abbrev  0x000011d3       0xe0 c:/altera/13.0sp1/nios2eds/bin/gnu/h-i686-mingw32/bin/../lib/gcc/nios2-elf/4.1.2\libgcc.a(lib2-divmod.o)
 .debug_abbrev  0x000012b3       0xdd ../mem_test_bsp/\libhal_bsp.a(alt_getchar.o)
 .debug_abbrev  0x00001390       0x97 ../mem_test_bsp/\libhal_bsp.a(alt_load.o)
 .debug_abbrev  0x00001427       0xad ../mem_test_bsp/\libhal_bsp.a(alt_main.o)
 .debug_abbrev  0x000014d4       0xdd ../mem_test_bsp/\libhal_bsp.a(alt_write.o)
 .debug_abbrev  0x000015b1      0x150 ../mem_test_bsp/\libhal_bsp.a(alt_sys_init.o)
 .debug_abbrev  0x00001701       0xf0 ../mem_test_bsp/\libhal_bsp.a(altera_avalon_jtag_uart_read.o)
 .debug_abbrev  0x000017f1       0xf0 ../mem_test_bsp/\libhal_bsp.a(altera_avalon_jtag_uart_write.o)
 .debug_abbrev  0x000018e1       0x57 ../mem_test_bsp/\libhal_bsp.a(alt_dcache_flush_all.o)
 .debug_abbrev  0x00001938       0xd6 ../mem_test_bsp/\libhal_bsp.a(alt_dev.o)
 .debug_abbrev  0x00001a0e      0x117 ../mem_test_bsp/\libhal_bsp.a(alt_dev_llist_insert.o)
 .debug_abbrev  0x00001b25       0x5e ../mem_test_bsp/\libhal_bsp.a(alt_errno.o)
 .debug_abbrev  0x00001b83       0x3f ../mem_test_bsp/\libhal_bsp.a(alt_icache_flush_all.o)
 .debug_abbrev  0x00001bc2       0x64 ../mem_test_bsp/\libhal_bsp.a(altera_nios2_qsys_irq.o)
 .debug_abbrev  0x00001c26       0x89 ../mem_test_bsp/\libhal_bsp.a(alt_icache_flush.o)

.debug_line     0x00000000     0x4acd
 *(.debug_line)
 .debug_line    0x00000000       0x72 ../mem_test_bsp//obj/HAL/src/crt0.o
 .debug_line    0x00000072      0x63b obj/default/memtest_small.o
 .debug_line    0x000006ad      0x22d c:/altera/13.0sp1/nios2eds/bin/gnu/h-i686-mingw32/bin/../lib/gcc/nios2-elf/4.1.2/../../../../nios2-elf/lib\libsmallc.a(lib_a-impure.o)
 .debug_line    0x000008da      0x2bb c:/altera/13.0sp1/nios2eds/bin/gnu/h-i686-mingw32/bin/../lib/gcc/nios2-elf/4.1.2/../../../../nios2-elf/lib\libsmallc.a(lib_a-printf.o)
 .debug_line    0x00000b95      0x2cf c:/altera/13.0sp1/nios2eds/bin/gnu/h-i686-mingw32/bin/../lib/gcc/nios2-elf/4.1.2/../../../../nios2-elf/lib\libsmallc.a(lib_a-putc.o)
 .debug_line    0x00000e64      0x264 c:/altera/13.0sp1/nios2eds/bin/gnu/h-i686-mingw32/bin/../lib/gcc/nios2-elf/4.1.2/../../../../nios2-elf/lib\libsmallc.a(lib_a-putchar.o)
 .debug_line    0x000010c8      0x2af c:/altera/13.0sp1/nios2eds/bin/gnu/h-i686-mingw32/bin/../lib/gcc/nios2-elf/4.1.2/../../../../nios2-elf/lib\libsmallc.a(lib_a-puts.o)
 .debug_line    0x00001377      0x24d c:/altera/13.0sp1/nios2eds/bin/gnu/h-i686-mingw32/bin/../lib/gcc/nios2-elf/4.1.2/../../../../nios2-elf/lib\libsmallc.a(lib_a-strlen.o)
 .debug_line    0x000015c4      0x403 c:/altera/13.0sp1/nios2eds/bin/gnu/h-i686-mingw32/bin/../lib/gcc/nios2-elf/4.1.2/../../../../nios2-elf/lib\libsmallc.a(lib_a-strtol.o)
 .debug_line    0x000019c7      0x62c c:/altera/13.0sp1/nios2eds/bin/gnu/h-i686-mingw32/bin/../lib/gcc/nios2-elf/4.1.2/../../../../nios2-elf/lib\libsmallc.a(lib_a-vfprintf.o)
 .debug_line    0x00001ff3       0x7e c:/altera/13.0sp1/nios2eds/bin/gnu/h-i686-mingw32/bin/../lib/gcc/nios2-elf/4.1.2/../../../../nios2-elf/lib\libsmallc.a(lib_a-ctype_.o)
 .debug_line    0x00002071      0x2a6 c:/altera/13.0sp1/nios2eds/bin/gnu/h-i686-mingw32/bin/../lib/gcc/nios2-elf/4.1.2/../../../../nios2-elf/lib\libsmallc.a(lib_a-fvwrite_small_dev.o)
 .debug_line    0x00002317      0x29a c:/altera/13.0sp1/nios2eds/bin/gnu/h-i686-mingw32/bin/../lib/gcc/nios2-elf/4.1.2/../../../../nios2-elf/lib\libsmallc.a(lib_a-writer.o)
 .debug_line    0x000025b1      0x1df c:/altera/13.0sp1/nios2eds/bin/gnu/h-i686-mingw32/bin/../lib/gcc/nios2-elf/4.1.2/../../../../nios2-elf/lib\libsmallc.a(lib_a-int_errno.o)
 .debug_line    0x00002790      0x24f c:/altera/13.0sp1/nios2eds/bin/gnu/h-i686-mingw32/bin/../lib/gcc/nios2-elf/4.1.2\libgcc.a(lib2-divmod.o)
 .debug_line    0x000029df      0x258 ../mem_test_bsp/\libhal_bsp.a(alt_getchar.o)
 .debug_line    0x00002c37      0x217 ../mem_test_bsp/\libhal_bsp.a(alt_load.o)
 .debug_line    0x00002e4e      0x2d6 ../mem_test_bsp/\libhal_bsp.a(alt_main.o)
 .debug_line    0x00003124      0x2ab ../mem_test_bsp/\libhal_bsp.a(alt_write.o)
 .debug_line    0x000033cf      0x30d ../mem_test_bsp/\libhal_bsp.a(alt_sys_init.o)
 .debug_line    0x000036dc      0x33a ../mem_test_bsp/\libhal_bsp.a(altera_avalon_jtag_uart_read.o)
 .debug_line    0x00003a16      0x30b ../mem_test_bsp/\libhal_bsp.a(altera_avalon_jtag_uart_write.o)
 .debug_line    0x00003d21      0x1cd ../mem_test_bsp/\libhal_bsp.a(alt_dcache_flush_all.o)
 .debug_line    0x00003eee      0x24c ../mem_test_bsp/\libhal_bsp.a(alt_dev.o)
 .debug_line    0x0000413a      0x25c ../mem_test_bsp/\libhal_bsp.a(alt_dev_llist_insert.o)
 .debug_line    0x00004396      0x1aa ../mem_test_bsp/\libhal_bsp.a(alt_errno.o)
 .debug_line    0x00004540      0x1c5 ../mem_test_bsp/\libhal_bsp.a(alt_icache_flush_all.o)
 .debug_line    0x00004705      0x1e7 ../mem_test_bsp/\libhal_bsp.a(altera_nios2_qsys_irq.o)
 .debug_line    0x000048ec      0x1e1 ../mem_test_bsp/\libhal_bsp.a(alt_icache_flush.o)

.debug_frame    0x00000000      0x4e8
 *(.debug_frame)
 .debug_frame   0x00000000       0x50 obj/default/memtest_small.o
 .debug_frame   0x00000050       0x40 c:/altera/13.0sp1/nios2eds/bin/gnu/h-i686-mingw32/bin/../lib/gcc/nios2-elf/4.1.2/../../../../nios2-elf/lib\libsmallc.a(lib_a-printf.o)
 .debug_frame   0x00000090       0x48 c:/altera/13.0sp1/nios2eds/bin/gnu/h-i686-mingw32/bin/../lib/gcc/nios2-elf/4.1.2/../../../../nios2-elf/lib\libsmallc.a(lib_a-putc.o)
 .debug_frame   0x000000d8       0x30 c:/altera/13.0sp1/nios2eds/bin/gnu/h-i686-mingw32/bin/../lib/gcc/nios2-elf/4.1.2/../../../../nios2-elf/lib\libsmallc.a(lib_a-putchar.o)
 .debug_frame   0x00000108       0x3c c:/altera/13.0sp1/nios2eds/bin/gnu/h-i686-mingw32/bin/../lib/gcc/nios2-elf/4.1.2/../../../../nios2-elf/lib\libsmallc.a(lib_a-puts.o)
 .debug_frame   0x00000144       0x20 c:/altera/13.0sp1/nios2eds/bin/gnu/h-i686-mingw32/bin/../lib/gcc/nios2-elf/4.1.2/../../../../nios2-elf/lib\libsmallc.a(lib_a-strlen.o)
 .debug_frame   0x00000164       0x4c c:/altera/13.0sp1/nios2eds/bin/gnu/h-i686-mingw32/bin/../lib/gcc/nios2-elf/4.1.2/../../../../nios2-elf/lib\libsmallc.a(lib_a-strtol.o)
 .debug_frame   0x000001b0       0x64 c:/altera/13.0sp1/nios2eds/bin/gnu/h-i686-mingw32/bin/../lib/gcc/nios2-elf/4.1.2/../../../../nios2-elf/lib\libsmallc.a(lib_a-vfprintf.o)
 .debug_frame   0x00000214       0x30 c:/altera/13.0sp1/nios2eds/bin/gnu/h-i686-mingw32/bin/../lib/gcc/nios2-elf/4.1.2/../../../../nios2-elf/lib\libsmallc.a(lib_a-fvwrite_small_dev.o)
 .debug_frame   0x00000244       0x2c c:/altera/13.0sp1/nios2eds/bin/gnu/h-i686-mingw32/bin/../lib/gcc/nios2-elf/4.1.2/../../../../nios2-elf/lib\libsmallc.a(lib_a-writer.o)
 .debug_frame   0x00000270       0x70 c:/altera/13.0sp1/nios2eds/bin/gnu/h-i686-mingw32/bin/../lib/gcc/nios2-elf/4.1.2\libgcc.a(lib2-divmod.o)
 .debug_frame   0x000002e0       0x28 ../mem_test_bsp/\libhal_bsp.a(alt_getchar.o)
 .debug_frame   0x00000308       0x38 ../mem_test_bsp/\libhal_bsp.a(alt_load.o)
 .debug_frame   0x00000340       0x28 ../mem_test_bsp/\libhal_bsp.a(alt_main.o)
 .debug_frame   0x00000368       0x28 ../mem_test_bsp/\libhal_bsp.a(alt_write.o)
 .debug_frame   0x00000390       0x50 ../mem_test_bsp/\libhal_bsp.a(alt_sys_init.o)
 .debug_frame   0x000003e0       0x20 ../mem_test_bsp/\libhal_bsp.a(altera_avalon_jtag_uart_read.o)
 .debug_frame   0x00000400       0x20 ../mem_test_bsp/\libhal_bsp.a(altera_avalon_jtag_uart_write.o)
 .debug_frame   0x00000420       0x20 ../mem_test_bsp/\libhal_bsp.a(alt_dcache_flush_all.o)
 .debug_frame   0x00000440       0x20 ../mem_test_bsp/\libhal_bsp.a(alt_dev.o)
 .debug_frame   0x00000460       0x28 ../mem_test_bsp/\libhal_bsp.a(alt_dev_llist_insert.o)
 .debug_frame   0x00000488       0x20 ../mem_test_bsp/\libhal_bsp.a(alt_icache_flush_all.o)
 .debug_frame   0x000004a8       0x20 ../mem_test_bsp/\libhal_bsp.a(altera_nios2_qsys_irq.o)
 .debug_frame   0x000004c8       0x20 ../mem_test_bsp/\libhal_bsp.a(alt_icache_flush.o)

.debug_str      0x00000000     0x1440
 *(.debug_str)
 .debug_str     0x00000000      0x4ee obj/default/memtest_small.o
                                0x5aa (size before relaxing)
 .debug_str     0x000004ee      0x13c c:/altera/13.0sp1/nios2eds/bin/gnu/h-i686-mingw32/bin/../lib/gcc/nios2-elf/4.1.2/../../../../nios2-elf/lib\libsmallc.a(lib_a-impure.o)
                                0x44f (size before relaxing)
 .debug_str     0x0000062a       0xeb c:/altera/13.0sp1/nios2eds/bin/gnu/h-i686-mingw32/bin/../lib/gcc/nios2-elf/4.1.2/../../../../nios2-elf/lib\libsmallc.a(lib_a-printf.o)
                                0x458 (size before relaxing)
 .debug_str     0x00000715       0x4c c:/altera/13.0sp1/nios2eds/bin/gnu/h-i686-mingw32/bin/../lib/gcc/nios2-elf/4.1.2/../../../../nios2-elf/lib\libsmallc.a(lib_a-putc.o)
                                0x447 (size before relaxing)
 .debug_str     0x00000761       0x4e c:/altera/13.0sp1/nios2eds/bin/gnu/h-i686-mingw32/bin/../lib/gcc/nios2-elf/4.1.2/../../../../nios2-elf/lib\libsmallc.a(lib_a-putchar.o)
                                0x444 (size before relaxing)
 .debug_str     0x000007af       0x45 c:/altera/13.0sp1/nios2eds/bin/gnu/h-i686-mingw32/bin/../lib/gcc/nios2-elf/4.1.2/../../../../nios2-elf/lib\libsmallc.a(lib_a-puts.o)
                                0x442 (size before relaxing)
 .debug_str     0x000007f4       0xd4 c:/altera/13.0sp1/nios2eds/bin/gnu/h-i686-mingw32/bin/../lib/gcc/nios2-elf/4.1.2/../../../../nios2-elf/lib\libsmallc.a(lib_a-strlen.o)
                                0x176 (size before relaxing)
 .debug_str     0x000008c8      0x109 c:/altera/13.0sp1/nios2eds/bin/gnu/h-i686-mingw32/bin/../lib/gcc/nios2-elf/4.1.2/../../../../nios2-elf/lib\libsmallc.a(lib_a-strtol.o)
                                0x473 (size before relaxing)
 .debug_str     0x000009d1      0x15f c:/altera/13.0sp1/nios2eds/bin/gnu/h-i686-mingw32/bin/../lib/gcc/nios2-elf/4.1.2/../../../../nios2-elf/lib\libsmallc.a(lib_a-vfprintf.o)
                                0x5a1 (size before relaxing)
 .debug_str     0x00000b30       0xdc c:/altera/13.0sp1/nios2eds/bin/gnu/h-i686-mingw32/bin/../lib/gcc/nios2-elf/4.1.2/../../../../nios2-elf/lib\libsmallc.a(lib_a-ctype_.o)
                                0x10b (size before relaxing)
 .debug_str     0x00000c0c       0x6d c:/altera/13.0sp1/nios2eds/bin/gnu/h-i686-mingw32/bin/../lib/gcc/nios2-elf/4.1.2/../../../../nios2-elf/lib\libsmallc.a(lib_a-fvwrite_small_dev.o)
                                0x45c (size before relaxing)
 .debug_str     0x00000c79       0x4c c:/altera/13.0sp1/nios2eds/bin/gnu/h-i686-mingw32/bin/../lib/gcc/nios2-elf/4.1.2/../../../../nios2-elf/lib\libsmallc.a(lib_a-writer.o)
                                0x443 (size before relaxing)
 .debug_str     0x00000cc5       0x3d c:/altera/13.0sp1/nios2eds/bin/gnu/h-i686-mingw32/bin/../lib/gcc/nios2-elf/4.1.2/../../../../nios2-elf/lib\libsmallc.a(lib_a-int_errno.o)
                                0x169 (size before relaxing)
 .debug_str     0x00000d02      0x10b c:/altera/13.0sp1/nios2eds/bin/gnu/h-i686-mingw32/bin/../lib/gcc/nios2-elf/4.1.2\libgcc.a(lib2-divmod.o)
                                0x1b4 (size before relaxing)
 .debug_str     0x00000e0d      0x100 ../mem_test_bsp/\libhal_bsp.a(alt_getchar.o)
                                0x1b6 (size before relaxing)
 .debug_str     0x00000f0d       0xf1 ../mem_test_bsp/\libhal_bsp.a(alt_load.o)
                                0x1af (size before relaxing)
 .debug_str     0x00000ffe       0x65 ../mem_test_bsp/\libhal_bsp.a(alt_main.o)
                                0x15c (size before relaxing)
 .debug_str     0x00001063       0x2c ../mem_test_bsp/\libhal_bsp.a(alt_write.o)
                                0x15d (size before relaxing)
 .debug_str     0x0000108f       0xbc ../mem_test_bsp/\libhal_bsp.a(alt_sys_init.o)
                                0x272 (size before relaxing)
 .debug_str     0x0000114b       0x55 ../mem_test_bsp/\libhal_bsp.a(altera_avalon_jtag_uart_read.o)
                                0x1d6 (size before relaxing)
 .debug_str     0x000011a0       0x4a ../mem_test_bsp/\libhal_bsp.a(altera_avalon_jtag_uart_write.o)
                                0x1cc (size before relaxing)
 .debug_str     0x000011ea       0x34 ../mem_test_bsp/\libhal_bsp.a(alt_dcache_flush_all.o)
                                 0xf2 (size before relaxing)
 .debug_str     0x0000121e      0x120 ../mem_test_bsp/\libhal_bsp.a(alt_dev.o)
                                0x2a2 (size before relaxing)
 .debug_str     0x0000133e       0x53 ../mem_test_bsp/\libhal_bsp.a(alt_dev_llist_insert.o)
                                0x169 (size before relaxing)
 .debug_str     0x00001391       0x14 ../mem_test_bsp/\libhal_bsp.a(alt_errno.o)
                                 0xe2 (size before relaxing)
 .debug_str     0x000013a5       0x34 ../mem_test_bsp/\libhal_bsp.a(alt_icache_flush_all.o)
                                 0xf2 (size before relaxing)
 .debug_str     0x000013d9       0x3b ../mem_test_bsp/\libhal_bsp.a(altera_nios2_qsys_irq.o)
                                0x122 (size before relaxing)
 .debug_str     0x00001414       0x2c ../mem_test_bsp/\libhal_bsp.a(alt_icache_flush.o)
                                 0xf8 (size before relaxing)

.debug_loc      0x00000000     0x15f2
 *(.debug_loc)
 .debug_loc     0x00000000      0x2e9 obj/default/memtest_small.o
 .debug_loc     0x000002e9       0x8d c:/altera/13.0sp1/nios2eds/bin/gnu/h-i686-mingw32/bin/../lib/gcc/nios2-elf/4.1.2/../../../../nios2-elf/lib\libsmallc.a(lib_a-printf.o)
 .debug_loc     0x00000376       0xd4 c:/altera/13.0sp1/nios2eds/bin/gnu/h-i686-mingw32/bin/../lib/gcc/nios2-elf/4.1.2/../../../../nios2-elf/lib\libsmallc.a(lib_a-putc.o)
 .debug_loc     0x0000044a       0x44 c:/altera/13.0sp1/nios2eds/bin/gnu/h-i686-mingw32/bin/../lib/gcc/nios2-elf/4.1.2/../../../../nios2-elf/lib\libsmallc.a(lib_a-putchar.o)
 .debug_loc     0x0000048e       0xa2 c:/altera/13.0sp1/nios2eds/bin/gnu/h-i686-mingw32/bin/../lib/gcc/nios2-elf/4.1.2/../../../../nios2-elf/lib\libsmallc.a(lib_a-puts.o)
 .debug_loc     0x00000530       0x1e c:/altera/13.0sp1/nios2eds/bin/gnu/h-i686-mingw32/bin/../lib/gcc/nios2-elf/4.1.2/../../../../nios2-elf/lib\libsmallc.a(lib_a-strlen.o)
 .debug_loc     0x0000054e      0x346 c:/altera/13.0sp1/nios2eds/bin/gnu/h-i686-mingw32/bin/../lib/gcc/nios2-elf/4.1.2/../../../../nios2-elf/lib\libsmallc.a(lib_a-strtol.o)
 .debug_loc     0x00000894      0x773 c:/altera/13.0sp1/nios2eds/bin/gnu/h-i686-mingw32/bin/../lib/gcc/nios2-elf/4.1.2/../../../../nios2-elf/lib\libsmallc.a(lib_a-vfprintf.o)
 .debug_loc     0x00001007      0x162 c:/altera/13.0sp1/nios2eds/bin/gnu/h-i686-mingw32/bin/../lib/gcc/nios2-elf/4.1.2/../../../../nios2-elf/lib\libsmallc.a(lib_a-fvwrite_small_dev.o)
 .debug_loc     0x00001169       0x97 c:/altera/13.0sp1/nios2eds/bin/gnu/h-i686-mingw32/bin/../lib/gcc/nios2-elf/4.1.2/../../../../nios2-elf/lib\libsmallc.a(lib_a-writer.o)
 .debug_loc     0x00001200      0x1d2 c:/altera/13.0sp1/nios2eds/bin/gnu/h-i686-mingw32/bin/../lib/gcc/nios2-elf/4.1.2\libgcc.a(lib2-divmod.o)
 .debug_loc     0x000013d2       0x1f ../mem_test_bsp/\libhal_bsp.a(alt_getchar.o)
 .debug_loc     0x000013f1       0x1f ../mem_test_bsp/\libhal_bsp.a(alt_load.o)
 .debug_loc     0x00001410       0x1f ../mem_test_bsp/\libhal_bsp.a(alt_main.o)
 .debug_loc     0x0000142f       0x9a ../mem_test_bsp/\libhal_bsp.a(alt_write.o)
 .debug_loc     0x000014c9       0x64 ../mem_test_bsp/\libhal_bsp.a(alt_sys_init.o)
 .debug_loc     0x0000152d       0x31 ../mem_test_bsp/\libhal_bsp.a(altera_avalon_jtag_uart_read.o)
 .debug_loc     0x0000155e       0x26 ../mem_test_bsp/\libhal_bsp.a(altera_avalon_jtag_uart_write.o)
 .debug_loc     0x00001584       0x5b ../mem_test_bsp/\libhal_bsp.a(alt_dev_llist_insert.o)
 .debug_loc     0x000015df       0x13 ../mem_test_bsp/\libhal_bsp.a(alt_icache_flush.o)

.debug_macinfo
 *(.debug_macinfo)

.debug_weaknames
 *(.debug_weaknames)

.debug_funcnames
 *(.debug_funcnames)

.debug_typenames
 *(.debug_typenames)

.debug_varnames
 *(.debug_varnames)

.debug_alt_sim_info
                0x00000000       0x30
 *(.debug_alt_sim_info)
 .debug_alt_sim_info
                0x00000000       0x30 ../mem_test_bsp//obj/HAL/src/crt0.o
                0x04000000                __alt_data_end = 0x4000000
                0x04000000                PROVIDE (__alt_stack_pointer, __alt_data_end)
                0x0200222c                PROVIDE (__alt_stack_limit, __alt_stack_base)
                0x0200222c                PROVIDE (__alt_heap_start, end)
                0x04000000                PROVIDE (__alt_heap_limit, 0x4000000)
OUTPUT(mem_test.elf elf32-littlenios2)

.debug_ranges   0x00000000      0x2d8
 .debug_ranges  0x00000000       0x20 ../mem_test_bsp//obj/HAL/src/crt0.o
 .debug_ranges  0x00000020      0x160 obj/default/memtest_small.o
 .debug_ranges  0x00000180      0x140 c:/altera/13.0sp1/nios2eds/bin/gnu/h-i686-mingw32/bin/../lib/gcc/nios2-elf/4.1.2/../../../../nios2-elf/lib\libsmallc.a(lib_a-vfprintf.o)
 .debug_ranges  0x000002c0       0x18 ../mem_test_bsp/\libhal_bsp.a(alt_dev_llist_insert.o)
